// Jest Snapshot v1, https://goo.gl/fbAQLP

exports[`Custom Hook Patter 1`] = `
<DocumentFragment>
  <h1>
    [object Object]
  </h1>
</DocumentFragment>
`;
